---
source: tests/python_parity_unit_snapshots.rs
expression: body
---
[Unit]
X-Ghars-Spec-Hash=sha256:abcdefabcdefabcdefabcdefabcdefabcdefabcdefabcdefabcdefabcdef0123
X-Ghars-Pool-Name=build
X-Ghars-Pool-Kinds=sccache
X-Ghars-Sccache-Mode=per_runner
X-Ghars-Config-Source=/etc/ghars/ghars.toml

[Service]
User=ghars-tz-default
ExecStart=
ExecStart=/usr/bin/sleep infinity
Type=simple
ReadWritePaths=%C/ghars/pools/build
