---
source: tests/python_parity_unit_snapshots.rs
expression: runner_template_text()
---
[Unit]
Description=GitHub Actions Runner (%i)
After=network-online.target
Wants=network-online.target
# ConditionPathExists is set in the per-runner 00-ghars.conf drop-in
# (e.g. `/var/lib/ghars/<TRUST_ZONE>/ghars-<NAME>/runsvc.sh`) because
# the path components depend on the runner's trust_zone, which the
# template-level `%i` specifier cannot express on its own.
StartLimitIntervalSec=300
StartLimitBurst=5
X-Ghars-Managed=true
X-Ghars-Schema-Version=1

[Service]
Type=simple
# DynamicUser=yes (man systemd.exec.5, since v232) allocates the
# runner unit a transient UID/GID from systemd's reserved range on
# unit start and recycles it on unit stop — nothing is written to
# /etc/passwd or /etc/group. The User= name is set by the per-runner
# 00-ghars.conf drop-in to `ghars-tz-<TRUST_ZONE>`, NOT to a per-
# runner name: runners that share a `trust_zone` get the SAME
# DynamicUser-allocated UID, and that UID-sharing is what makes the
# shared HOME / ccache / sccache reach work without gpasswd or
# SupplementaryGroups. Cross-trust-zone reach is denied at the
# UID-DAC layer (different UIDs → EACCES on shared paths and on the
# sccache UDS). No `Group=` line — DynamicUser allocates the matching
# transient GID alongside the UID.
#
# ExecStart= has NO prefix. The runsvc-wrapper trampoline runs at the
# DynamicUser-allocated identity (no setuid/setgid needed) WHILE the
# unit's full sandbox stays applied — TemporaryFileSystem=/:ro,
# BindReadOnlyPaths, PrivateDevices, the SystemCallFilter allowlist,
# NetworkNamespacePath, etc. The trampoline opens
# /var/lib/ghars/%i/runsvc.sh via O_NOFOLLOW, recomputes sha256,
# compares against the X-Ghars-Runsvc-Sha256 annotation in the
# 00-ghars.conf drop-in (file read with O_NOFOLLOW), and fexecve()s
# the verified file descriptor on match — closing the open-then-
# rename TOCTOU window. On mismatch: refuse with a diagnostic.
#
# The trampoline is a separately-packaged compiled binary at
# /usr/lib/ghars/runsvc-wrapper (root:root mode 0755) — NOT a shell
# script. With no setuid/setgid step, CapabilityBoundingSet below is
# empty (no CAP_SETUID, no CAP_SETGID).
DynamicUser=yes
ExecStart=/usr/lib/ghars/runsvc-wrapper %i
# WorkingDirectory + StateDirectory + HOME and the per-runner cache
# env vars are set in the per-runner 00-ghars.conf drop-in. The
# template-level `%i` specifier expands to the runner-name only, so
# it cannot express the trust_zone-shared layout
# (`/var/lib/ghars/<TRUST_ZONE>/ghars-<NAME>/`) that the apply-side
# binds the runner home to.
# Slice=system.slice unconditional. No operator opt-in.
Slice=system.slice

# CacheDirectory + LogsDirectory + RuntimeDirectory still use the
# per-runner `%i` form because they are NOT trust_zone-shared (per
# Part 3 / Part 9). Each runner gets its own per-runner cache /
# log / runtime subtree under systemd's standard roots; only HOME
# (StateDirectory) crosses runners within a trust_zone.
StateDirectoryMode=0700
CacheDirectory=ghars/%i
CacheDirectoryMode=0700
LogsDirectory=ghars/%i
LogsDirectoryMode=0700
RuntimeDirectory=ghars/%i
RuntimeDirectoryMode=0700

# PATH set explicitly. systemd's compile-time DEFAULT_PATH varies and
# may omit sbin. ccache wrapper dirs come first to shadow real
# compilers.
Environment=PATH=/usr/lib64/ccache:/usr/lib/ccache:/usr/local/sbin:/usr/local/bin:/usr/sbin:/usr/bin:/sbin:/bin
Environment=LANG=C.UTF-8

# Per-runner cache env. Shared cache pools override these via
# 30-cache-pool.conf drop-in.
Environment=CCACHE_DIR=%C/ghars/%i/ccache
Environment=SCCACHE_DIR=%C/ghars/%i/sccache
Environment=CCACHE_MAXSIZE=200G
Environment=SCCACHE_CACHE_SIZE=200G
# SCCACHE_SERVER_UDS lives on tmpfs (RuntimeDirectory) — no stale
# sockets after crash.
Environment=SCCACHE_SERVER_UDS=%t/ghars/%i/sccache.sock

KillMode=control-group
KillSignal=SIGTERM
TimeoutStopSec=5min

# Privilege isolation. CapabilityBoundingSet is empty: the trampoline
# does not setuid/setgid (DynamicUser= handles the identity), so no
# CAP_SETUID/CAP_SETGID are needed; runsvc.sh is a script with no file
# capabilities, so per capabilities(7) its post-exec permitted set is
# empty regardless. AmbientCapabilities stays empty so the kernel
# does not raise any cap into permitted at exec time.
NoNewPrivileges=yes
CapabilityBoundingSet=
AmbientCapabilities=

# Filesystem allowlist. Optional paths use `-` prefix for merged-usr
# compat.
TemporaryFileSystem=/:ro
BindReadOnlyPaths=/usr -/lib -/lib64 -/bin -/sbin
BindReadOnlyPaths=/etc/hosts /etc/nsswitch.conf
BindReadOnlyPaths=/etc/passwd /etc/group
BindReadOnlyPaths=/etc/ssl /etc/ca-certificates -/etc/pki
BindReadOnlyPaths=-/etc/locale.conf /etc/localtime
BindReadOnlyPaths=/etc/ld.so.cache -/etc/ld.so.conf.d
BindReadOnlyPaths=-/etc/protocols -/etc/services
BindReadOnlyPaths=-/etc/alternatives
BindReadOnlyPaths=-/etc/os-release
BindReadOnlyPaths=-/etc/gitconfig
PrivateTmp=yes
UMask=0077

# Device access. PrivateDevices=yes constructs a clean /dev;
# DevicePolicy=closed denies everything; DeviceAllow re-adds /dev/kvm
# for KVM-backed workloads.
PrivateDevices=yes
DevicePolicy=closed
DeviceAllow=/dev/kvm rw

ProtectProc=invisible

# Kernel hardening.
ProtectKernelTunables=yes
ProtectKernelModules=yes
ProtectKernelLogs=yes
# ProtectControlGroups=no is INTENTIONAL: workflows create
# cpuset/memory cgroups on the host (buck2 nested virt, VM test
# harnesses). yes here would make /sys/fs/cgroup read-only and break
# those flows.
ProtectControlGroups=no
ProtectClock=yes
ProtectHostname=yes
LockPersonality=yes

# Syscall filtering. @system-service is the baseline allowlist; pkey_*
# and perf_event_open are extras needed by Node, .NET, and KVM
# workloads.
SystemCallArchitectures=native
SystemCallFilter=@system-service pkey_alloc pkey_mprotect pkey_free perf_event_open
SystemCallErrorNumber=EPERM
SystemCallFilter=~@mount @clock @keyring @module @raw-io @reboot @swap @obsolete
SystemCallLog=~@system-service pkey_alloc pkey_mprotect pkey_free perf_event_open

RestrictNamespaces=yes
PrivateIPC=yes

ProtectHome=yes
RemoveIPC=yes
# RestrictRealtime=no is INTENTIONAL: KVM vCPU/watchdog threads need
# SCHED_FIFO for stable guest latency. LimitRTPRIO=2 caps the
# priority they can request.
RestrictRealtime=no
RestrictSUIDSGID=yes

# LimitMEMLOCK=infinity required for KVM/buck2 mlock on large guest
# pages.
LimitMEMLOCK=infinity
LimitRTPRIO=2

LogRateLimitIntervalSec=30s
LogRateLimitBurst=10000

Restart=always
RestartSec=10

[Install]
WantedBy=multi-user.target
