---
source: tests/python_parity_unit_snapshots.rs
expression: netns_template_text()
---
[Unit]
Description=ghars netns + veth + nft for runner %i
X-Ghars-Managed=true
X-Ghars-Schema-Version=1
# StopWhenUnneeded=NO. The named netns at /var/run/netns/ghars-%i
# is bind-mounted (persistent across unit deactivation). ghars-net@
# stays in active state to symbolize "netns exists"; only torn down by
# explicit `ghars apply` removal of the runner. Runner restarts do NOT
# recreate the netns — the bind-mount survives.
StopWhenUnneeded=no
After=network.target

[Service]
Type=oneshot
RemainAfterExit=yes

# systemd does NOT consult Environment=PATH= when resolving bare
# ExecStart= names: systemd-executor calls
# `find_executable_full(name, root=NULL, exec_search_path,
# use_path_envvar=false, ...)` from
# systemd/src/core/exec-invoke.c (the `false` is fixed at the call
# site), which falls back to `default_PATH()` (the systemd
# compile-time default — `/usr/local/sbin:/usr/local/bin:/usr/sbin:
# /usr/bin` and split-bin variants per
# systemd/src/basic/path-util.{c,h}). Bare `ghars` and `nft` resolve
# via that compile-time default — `cargo install` lands ghars at
# /usr/local/bin/ghars, distro packaging at /usr/bin/ghars, and nft
# at /usr/sbin/nft (split) or /usr/bin/nft (merged); all are
# covered by every default_PATH() variant.
#
# Environment=PATH= IS load-bearing for the `nft` argv handed to
# `ghars _netns-veth`: `ip netns exec` (invoked internally — see
# src/netns.rs::run_in_netns) execvp's the program inside the
# netns'd child, and execvp DOES consult $PATH. The Environment=
# value here is the systemd unit env that the spawned ghars process
# inherits and forwards to that execvp, so bare `nft` in the argv
# resolves the same way bare ExecStart names do.
Environment=PATH=/usr/local/sbin:/usr/local/bin:/usr/sbin:/usr/bin:/sbin:/bin

# `+` prefix runs as root regardless of User= (per systemd.exec.xml).
# Required for: ip netns add, ip link, sysctl writes, nft -f.
ExecStart=+ghars _netns-setup %i
ExecStart=+nft -f /etc/ghars/nft.d/%i-host.nft
ExecStart=+ghars _netns-veth %i nft -f /etc/ghars/nft.d/%i-ns.nft

# LOAD-BEARING: ExecStop= MUST be present. systemd destroys runtime
# data on SERVICE_EXITED when no ExecStop=, ExecReload=, or
# ExecStopPost= is defined — even with RemainAfterExit=yes. The named
# netns is its own bind-mount so we don't rely on systemd's runtime
# data, but having ExecStop= ensures cleanup helpers run on unit
# deactivation.
ExecStop=+nft destroy table inet ghars_%i
ExecStop=+ghars _netns-veth %i nft destroy table inet ghars_%i_ns
ExecStop=+ghars _netns-teardown %i

User=root
Slice=system.slice
KillMode=control-group
TimeoutSec=30s

[Install]
# Pulled in by runner units' Requires=; never enabled standalone.
