---
source: tests/python_parity_unit_snapshots.rs
expression: cache_template_text()
---
[Unit]
Description=ghars cache service for pool %i (ccache + sccache)
After=network.target
X-Ghars-Managed=true
X-Ghars-Schema-Version=1
# StopWhenUnneeded keeps the unit alive only when at least one runner
# unit Requires= it (per-runner 30-cache-pool.conf adds Requires=).
StopWhenUnneeded=yes

[Service]
Type=simple
# DynamicUser=yes allocates the cache server a transient UID/GID from
# the systemd-allocated range (man systemd.exec.5, since v232) on unit
# start and recycles it on stop — nothing is written to /etc/passwd or
# /etc/group. The User= name is set by the per-pool 00-ghars.conf
# drop-in to `ghars-tz-<TRUST_ZONE>`, NOT to a per-pool name: the
# cache server must share its UID with the runners in the same
# trust_zone so the UDS at `/run/ghars/cache-<pool>.sock` (mode 0600
# owner=ghars-tz-<TRUST_ZONE>) is reachable from those runners by
# owner-DAC. Runners reach the socket via `BindPaths=` in their own
# drop-in; cross-trust-zone reach is denied at the AF_UNIX connect()
# layer because the connecting UID does not match the socket inode
# owner. No `Group=` line, no SupplementaryGroups, no gpasswd.
DynamicUser=yes
Slice=system.slice

# UMask=0077 is the kernel-enforced sccache UDS permission gate.
# AF_UNIX bind() masks the socket inode mode by current_umask() at
# vfs_mknod time (Linux net/unix/af_unix.c:unix_bind_bsd:1349 —
# `umode_t mode = S_IFSOCK | (SOCK_INODE(sk->sk_socket)->i_mode & ~current_umask())`).
# sccache's UnixListener::bind (sccache server.rs:511 +
# commands.rs:104) performs no chmod after bind, so the kernel-applied
# mode is final. With UMask=0077 the resulting UDS inode mode is 0600
# — owner rw, group/others denied. The cache server runs at the same
# DynamicUser-allocated UID as the runners in its trust_zone (set via
# the 00-ghars.conf drop-in's `User=ghars-tz-<TRUST_ZONE>`), so a
# runner inside the same trust_zone connects by owner-DAC. Runners in
# different trust_zones run at different UIDs and get EACCES at
# connect() — no shared group is involved. UMask= closes the mode at
# bind() time atomically (no TOCTOU window between bind() and a chmod
# shim).
UMask=0077

# CacheDirectory creates /var/cache/ghars/pools/%i with mode 0750.
# Owner is the cache server's DynamicUser-allocated UID
# (ghars-tz-<TRUST_ZONE>). Runners in the same trust_zone share that
# UID, so they traverse via owner-DAC; runners in other trust_zones
# run at a different UID and get EACCES — group bits are unused
# because no shared group exists in this model.
CacheDirectory=ghars/pools/%i
CacheDirectoryMode=0750
# RuntimeDirectory=/run/ghars/ holds the per-pool sccache UDS
# (`cache-<pool>.sock`). Mode 0700 owner=ghars-tz-<TRUST_ZONE>: only
# the trust_zone's UID can resolve the directory at the host layer.
# Runners reach the UDS through `BindPaths=` (systemd as root
# performs the bind into the runner sandbox) — sandbox delivery does
# not require runner-side traversal of the host /run/ghars/ entry.
RuntimeDirectory=ghars
RuntimeDirectoryMode=0700
# HOME is required by sccache (dirs::config_dir() panics without it).
# DynamicUser + ProtectHome=yes leaves HOME unset; point it at the
# cache directory so sccache's config lookup succeeds.
Environment=HOME=%C/ghars/pools/%i

# Per-kinds env + ExecStart land in the per-pool 00-ghars.conf drop-in
# (sccache server launches there when kinds includes sccache;
# ccache-only pools render ExecStart=<sleep_path> infinity to keep
# the unit active so its CacheDirectory stays mounted). Both
# binary paths are resolved at plan time — either pinned via
# [cache_pools.NAME].sccache_path / sleep_path or auto-detected
# from a canonical search list per binary:
#   sccache: /usr/local/bin/sccache then /usr/bin/sccache
#   sleep:   /usr/bin/sleep        then /bin/sleep

KillMode=control-group
KillSignal=SIGTERM
TimeoutStopSec=30s

# Hardening — narrower than runner. No /dev/kvm, no realtime, no exec.
NoNewPrivileges=yes
CapabilityBoundingSet=
AmbientCapabilities=
PrivateDevices=yes
PrivateTmp=yes
ProtectKernelTunables=yes
ProtectKernelModules=yes
ProtectKernelLogs=yes
ProtectClock=yes
ProtectHostname=yes
ProtectControlGroups=yes
LockPersonality=yes
RestrictNamespaces=yes
RestrictRealtime=yes
RestrictSUIDSGID=yes
ProtectHome=yes
ProtectSystem=strict
RemoveIPC=yes
RestrictAddressFamilies=AF_UNIX
SystemCallArchitectures=native
SystemCallFilter=@system-service
SystemCallErrorNumber=EPERM
SystemCallFilter=~@mount @clock @keyring @module @raw-io @reboot @swap @obsolete

# Restart on crash (sccache server crashes are recoverable; clients
# reconnect).
Restart=on-failure
RestartSec=2

[Install]
WantedBy=multi-user.target
